  [38;2;0;255;255m# Preformatted text[39m
  
  [38;2;255;0;0mThis is some preformatted text[39m
  
  ...and this is not.
